<?php return array (
  0 => 'Symfony\\Component\\Security\\Http\\Firewall',
  1 => 'Symfony\\Component\\Security\\Core\\User\\UserProviderInterface',
  2 => 'Symfony\\Component\\Security\\Core\\Authentication\\AuthenticationProviderManager',
  3 => 'Symfony\\Component\\Security\\Core\\Authentication\\Token\\Storage\\TokenStorage',
  4 => 'Symfony\\Component\\Security\\Core\\Authorization\\AccessDecisionManager',
  5 => 'Symfony\\Component\\Security\\Core\\Authorization\\AuthorizationChecker',
  6 => 'Symfony\\Component\\Security\\Core\\Authorization\\Voter\\VoterInterface',
  7 => 'Symfony\\Bundle\\SecurityBundle\\Security\\FirewallMap',
  8 => 'Symfony\\Bundle\\SecurityBundle\\Security\\FirewallContext',
  9 => 'Symfony\\Component\\HttpFoundation\\RequestMatcher',
  10 => 'Symfony\\Bundle\\FrameworkBundle\\EventListener\\SessionListener',
  11 => 'Symfony\\Component\\HttpFoundation\\Session\\Storage\\NativeSessionStorage',
  12 => 'Symfony\\Component\\HttpFoundation\\Session\\Storage\\PhpBridgeSessionStorage',
  13 => 'Symfony\\Component\\HttpFoundation\\Session\\Storage\\Handler\\NativeFileSessionHandler',
  14 => 'Symfony\\Component\\HttpFoundation\\Session\\Storage\\Proxy\\AbstractProxy',
  15 => 'Symfony\\Component\\HttpFoundation\\Session\\Storage\\Proxy\\SessionHandlerProxy',
  16 => 'Symfony\\Component\\HttpFoundation\\Session\\Session',
  17 => 'Symfony\\Component\\HttpFoundation\\Session\\Storage\\MockFileSessionStorage',
  18 => 'Symfony\\Component\\Routing\\Generator\\UrlGenerator',
  19 => 'Symfony\\Component\\Routing\\RequestContext',
  20 => 'Symfony\\Component\\Routing\\Router',
  21 => 'Symfony\\Bundle\\FrameworkBundle\\Routing\\RedirectableUrlMatcher',
  22 => 'Symfony\\Bundle\\FrameworkBundle\\Routing\\Router',
  23 => 'Symfony\\Component\\Config\\FileLocator',
  24 => 'Symfony\\Component\\Debug\\ErrorHandler',
  25 => 'Symfony\\Component\\EventDispatcher\\Event',
  26 => 'Symfony\\Component\\EventDispatcher\\ContainerAwareEventDispatcher',
  27 => 'Symfony\\Component\\HttpKernel\\EventListener\\ResponseListener',
  28 => 'Symfony\\Component\\HttpKernel\\EventListener\\RouterListener',
  29 => 'Symfony\\Component\\HttpKernel\\Controller\\ControllerResolver',
  30 => 'Symfony\\Component\\HttpKernel\\Event\\KernelEvent',
  31 => 'Symfony\\Component\\HttpKernel\\Event\\FilterControllerEvent',
  32 => 'Symfony\\Component\\HttpKernel\\Event\\FilterResponseEvent',
  33 => 'Symfony\\Component\\HttpKernel\\Event\\GetResponseEvent',
  34 => 'Symfony\\Component\\HttpKernel\\Event\\GetResponseForControllerResultEvent',
  35 => 'Symfony\\Component\\HttpKernel\\Event\\GetResponseForExceptionEvent',
  36 => 'Symfony\\Component\\HttpKernel\\KernelEvents',
  37 => 'Symfony\\Component\\HttpKernel\\Config\\FileLocator',
  38 => 'Symfony\\Bundle\\FrameworkBundle\\Controller\\ControllerNameParser',
  39 => 'Symfony\\Bundle\\FrameworkBundle\\Controller\\ControllerResolver',
);